### Step 2A
Kendall@Kendall-PC MINGW64 ~/bootcamp_c_sharp
$ pwd
/c/Users/Kendall/bootcamp_c_sharp
My gitbash root is in my users folder - i cannot navigate to desktop so i created the bootcamp folder inside my users folder

### Step 2B
my gitbash root is set up inside my Users folder under my name, this is from a previous bootcamp - i use "cd" to navigate to my new bootcamp folder for grand circus

### Step 2C
Kendall@Kendall-PC MINGW64 ~/bootcamp_c_sharp
$ cd unit1-git-practice/

### Step 2D
Kendall@Kendall-PC MINGW64 ~/bootcamp_c_sharp/unit1-git-practice
$ pwd
/c/Users/Kendall/bootcamp_c_sharp/unit1-git-practice

### Step 2E
Kendall@Kendall-PC MINGW64 ~/bootcamp_c_sharp/unit1-git-practice
$ ls

### Step 2F
my-steps.txt

### Step 2G
Kendall@Kendall-PC MINGW64 ~/bootcamp_c_sharp
$ cd ~

### Step 2H
Kendall@Kendall-PC MINGW64 ~
$ pwd
/c/Users/Kendall

### Step 2I
Kendall@Kendall-PC MINGW64 ~
$ ls
 _netrc
'3D Objects'/
 ansel/
 AppData/
'Application Data'@
 bootcamp/
 bootcamp_c_sharp/
 Contacts/
 Cookies@
'Creative Cloud Files Personal Account kendall.blissbi@outlook.com 425C451660F09E4A0A495E95@AdobeID'/
 data/
 Documents/
 Downloads/
 Favorites/
 IntelGraphicsProfiles/
 Links/
'Local Settings'@
 Microsoft/
 MicrosoftEdgeBackups/
 Music/
'My Documents'@
 NetHood@
 NTUSER.DAT
 ntuser.dat.LOG1
 ntuser.dat.LOG2
 NTUSER.DAT{0c8444d6-dfe7-11eb-9018-fcb3bc45033e}.TxR.0.regtrans-ms
 NTUSER.DAT{0c8444d6-dfe7-11eb-9018-fcb3bc45033e}.TxR.1.regtrans-ms
 NTUSER.DAT{0c8444d6-dfe7-11eb-9018-fcb3bc45033e}.TxR.2.regtrans-ms
 NTUSER.DAT{0c8444d6-dfe7-11eb-9018-fcb3bc45033e}.TxR.blf
 NTUSER.DAT{0c8444d7-dfe7-11eb-9018-fcb3bc45033e}.TM.blf
 NTUSER.DAT{0c8444d7-dfe7-11eb-9018-fcb3bc45033e}.TMContainer00000000000000000001.regtrans-ms
 NTUSER.DAT{0c8444d7-dfe7-11eb-9018-fcb3bc45033e}.TMContainer00000000000000000002.regtrans-ms
 ntuser.ini
 OneDrive/
'OneDrive - Nexus Business Intelligence LLC'/
 Pictures/
 Postman/
 PrintHood@
 Recent@
'Saved Games'/
 Searches/
 SendTo@
'Start Menu'@
 Templates@
 test/
 Videos/

### Step 2J
Kendall@Kendall-PC MINGW64 ~
$ cd bootcamp_c_sharp

### Step 2K
Kendall@Kendall-PC MINGW64 ~/bootcamp_c_sharp
$ cd unit1-git-practice/


### Step 3A
Kendall@Kendall-PC MINGW64 ~/bootcamp_c_sharp/unit1-git-practice
$ mkdir veggies

Kendall@Kendall-PC MINGW64 ~/bootcamp_c_sharp/unit1-git-practice
$ mkdir meats

Kendall@Kendall-PC MINGW64 ~/bootcamp_c_sharp/unit1-git-practice
$ mkdir desserts

### Step 3B
Kendall@Kendall-PC MINGW64 ~/bootcamp_c_sharp/unit1-git-practice
$ mv desserts/ sweets

### Step 3C
Kendall@Kendall-PC MINGW64 ~/bootcamp_c_sharp/unit1-git-practice
$ mkdir proteins

### Step 3D
Kendall@Kendall-PC MINGW64 ~/bootcamp_c_sharp/unit1-git-practice
$ mv meats/ proteins/

### Step 3E
Kendall@Kendall-PC MINGW64 ~/bootcamp_c_sharp/unit1-git-practice
$ cd veggies/

Kendall@Kendall-PC MINGW64 ~/bootcamp_c_sharp/unit1-git-practice/veggies
$ touch carrot.txt

Kendall@Kendall-PC MINGW64 ~/bootcamp_c_sharp/unit1-git-practice/veggies
$ touch pea.txt

### Step 3F
Kendall@Kendall-PC MINGW64 ~/bootcamp_c_sharp/unit1-git-practice/veggies
$ cd ..

Kendall@Kendall-PC MINGW64 ~/bootcamp_c_sharp/unit1-git-practice
$ cd sweets/

Kendall@Kendall-PC MINGW64 ~/bootcamp_c_sharp/unit1-git-practice/sweets
$ touch cookie.txt

### Step 3G
Kendall@Kendall-PC MINGW64 ~/bootcamp_c_sharp/unit1-git-practice/sweets
$ mv cookie.txt donut.txt

Kendall@Kendall-PC MINGW64 ~/bootcamp_c_sharp/unit1-git-practice/sweets
$ ls
donut.txt
Kendall@Kendall-PC MINGW64 ~/bootcamp_c_sharp/unit1-git-practice/sweets
$ cd ..

Kendall@Kendall-PC MINGW64 ~/bootcamp_c_sharp/unit1-git-practice
$ touch menu.txt
### Step 3H
Kendall@Kendall-PC MINGW64 ~/bootcamp_c_sharp/unit1-git-practice
$ touch thing.txt

### Step 3I
Kendall@Kendall-PC MINGW64 ~/bootcamp_c_sharp/unit1-git-practice
$ cp thing.txt tofu.txt

### Step 3J
Kendall@Kendall-PC MINGW64 ~/bootcamp_c_sharp/unit1-git-practice
$ mv tofu.txt proteins/

### Step 3K
Kendall@Kendall-PC MINGW64 ~/bootcamp_c_sharp/unit1-git-practice
$ mv crab.txt proteins/meats/

### Step 3L
Kendall@Kendall-PC MINGW64 ~/bootcamp_c_sharp/unit1-git-practice
$ rm thing.txt

### Step 3M
Kendall@Kendall-PC MINGW64 ~/bootcamp_c_sharp/unit1-git-practice
$ cp -r veggies/ plants

### Step 3N
Kendall@Kendall-PC MINGW64 ~/bootcamp_c_sharp/unit1-git-practice
$ mkdir drinks

Kendall@Kendall-PC MINGW64 ~/bootcamp_c_sharp/unit1-git-practice
$ rm -r drinks

### Step 4
Kendall@Kendall-PC MINGW64 ~/bootcamp_c_sharp/unit1-git-practice
$ git init
Initialized empty Git repository in C:/Users/Kendall/bootcamp_c_sharp/unit1-git-practice/.git/

Kendall@Kendall-PC MINGW64 ~/bootcamp_c_sharp/unit1-git-practice (master)
$ git add .
warning: in the working copy of 'my-steps.txt', CRLF will be replaced by LF the next time Git touches it

Kendall@Kendall-PC MINGW64 ~/bootcamp_c_sharp/unit1-git-practice (master)
$ git commit -m 'my first commit'
[master (root-commit) 44d7e75] my first commit
 8 files changed, 88 insertions(+)
 create mode 100644 my-steps.txt
 create mode 100644 plants/carrot.txt
 create mode 100644 plants/pea.txt
 create mode 100644 proteins/meats/crab.txt
 create mode 100644 proteins/tofu.txt
 create mode 100644 sweets/donut.txt
 create mode 100644 veggies/carrot.txt
 create mode 100644 veggies/pea.txt

### Step 5
Kendall@Kendall-PC MINGW64 ~/bootcamp_c_sharp/unit1-git-practice (master)
$ git branch -M main

Kendall@Kendall-PC MINGW64 ~/bootcamp_c_sharp/unit1-git-practice (main)
$ git remote add origin git@github.com:kbliss86/my-project.git

Kendall@Kendall-PC MINGW64 ~/bootcamp_c_sharp/unit1-git-practice (main)
$ git push -u origin main
Enter passphrase for key '/c/Users/Kendall/.ssh/id_ed25519':
Enumerating objects: 8, done.
Counting objects: 100% (8/8), done.
Delta compression using up to 16 threads
Compressing objects: 100% (5/5), done.
Writing objects: 100% (8/8), 1.15 KiB | 1.15 MiB/s, done.
Total 8 (delta 0), reused 0 (delta 0), pack-reused 0
To github.com:kbliss86/my-project.git
 * [new branch]      main -> main
branch 'main' set up to track 'origin/main'.

### Step 6
Kendall@Kendall-PC MINGW64 ~/bootcamp_c_sharp/unit1-git-practice (main)
$ git add .
warning: in the working copy of 'my-steps.txt', CRLF will be replaced by LF the next time Git touches it

Kendall@Kendall-PC MINGW64 ~/bootcamp_c_sharp/unit1-git-practice (main)
$ git commit -m 'added menu text file'
[main 79ab204] added menu text file
 2 files changed, 160 insertions(+), 23 deletions(-)
 create mode 100644 menu.txt

Kendall@Kendall-PC MINGW64 ~/bootcamp_c_sharp/unit1-git-practice (main)
$ git push origin main
Enter passphrase for key '/c/Users/Kendall/.ssh/id_ed25519':
Enumerating objects: 6, done.
Counting objects: 100% (6/6), done.
Delta compression using up to 16 threads
Compressing objects: 100% (3/3), done.
Writing objects: 100% (4/4), 6.52 KiB | 6.52 MiB/s, done.
Total 4 (delta 0), reused 0 (delta 0), pack-reused 0
To github.com:kbliss86/my-project.git
   44d7e75..79ab204  main -> main

### Step 7
*** DO NOT RECORD STEP 7 ***